Archive member included because of file (symbol)

c:/winavr-20090313/bin/../lib/gcc/avr/4.3.2/avr5\libgcc.a(_udivmodsi4.o)
                              ./APPS/testdiodrv.o (__udivmodsi4)
c:/winavr-20090313/bin/../lib/gcc/avr/4.3.2/avr5\libgcc.a(_exit.o)
                              c:/winavr-20090313/bin/../lib/gcc/avr/4.3.2/../../../../avr/lib/avr5/crtm32.o (exit)
c:/winavr-20090313/bin/../lib/gcc/avr/4.3.2/avr5\libgcc.a(_copy_data.o)
                              ./MCAL/DIO/DIO_Cfg.o (__do_copy_data)
c:/winavr-20090313/bin/../lib/gcc/avr/4.3.2/avr5\libgcc.a(_clear_bss.o)
                              ./MCAL/Timer0/timer.o (__do_clear_bss)
c:/winavr-20090313/bin/../lib/gcc/avr/4.3.2/avr5\libgcc.a(_fixunssfsi.o)
                              ./HAL/LCD/LCD.o (__fixunssfsi)
c:/winavr-20090313/bin/../lib/gcc/avr/4.3.2/avr5\libgcc.a(_addsub_sf.o)
                              c:/winavr-20090313/bin/../lib/gcc/avr/4.3.2/avr5\libgcc.a(_fixunssfsi.o) (__subsf3)
c:/winavr-20090313/bin/../lib/gcc/avr/4.3.2/avr5\libgcc.a(_mul_sf.o)
                              ./HAL/LCD/LCD.o (__mulsf3)
c:/winavr-20090313/bin/../lib/gcc/avr/4.3.2/avr5\libgcc.a(_div_sf.o)
                              ./HAL/LCD/LCD.o (__divsf3)
c:/winavr-20090313/bin/../lib/gcc/avr/4.3.2/avr5\libgcc.a(_gt_sf.o)
                              ./HAL/LCD/LCD.o (__gtsf2)
c:/winavr-20090313/bin/../lib/gcc/avr/4.3.2/avr5\libgcc.a(_ge_sf.o)
                              c:/winavr-20090313/bin/../lib/gcc/avr/4.3.2/avr5\libgcc.a(_fixunssfsi.o) (__gesf2)
c:/winavr-20090313/bin/../lib/gcc/avr/4.3.2/avr5\libgcc.a(_lt_sf.o)
                              ./HAL/LCD/LCD.o (__ltsf2)
c:/winavr-20090313/bin/../lib/gcc/avr/4.3.2/avr5\libgcc.a(_sf_to_si.o)
                              c:/winavr-20090313/bin/../lib/gcc/avr/4.3.2/avr5\libgcc.a(_fixunssfsi.o) (__fixsfsi)
c:/winavr-20090313/bin/../lib/gcc/avr/4.3.2/avr5\libgcc.a(_thenan_sf.o)
                              c:/winavr-20090313/bin/../lib/gcc/avr/4.3.2/avr5\libgcc.a(_addsub_sf.o) (__thenan_sf)
c:/winavr-20090313/bin/../lib/gcc/avr/4.3.2/avr5\libgcc.a(_prologue.o)
                              c:/winavr-20090313/bin/../lib/gcc/avr/4.3.2/avr5\libgcc.a(_addsub_sf.o) (__prologue_saves__)
c:/winavr-20090313/bin/../lib/gcc/avr/4.3.2/avr5\libgcc.a(_epilogue.o)
                              c:/winavr-20090313/bin/../lib/gcc/avr/4.3.2/avr5\libgcc.a(_addsub_sf.o) (__epilogue_restores__)
c:/winavr-20090313/bin/../lib/gcc/avr/4.3.2/avr5\libgcc.a(_pack_sf.o)
                              c:/winavr-20090313/bin/../lib/gcc/avr/4.3.2/avr5\libgcc.a(_addsub_sf.o) (__pack_f)
c:/winavr-20090313/bin/../lib/gcc/avr/4.3.2/avr5\libgcc.a(_unpack_sf.o)
                              c:/winavr-20090313/bin/../lib/gcc/avr/4.3.2/avr5\libgcc.a(_addsub_sf.o) (__unpack_f)
c:/winavr-20090313/bin/../lib/gcc/avr/4.3.2/avr5\libgcc.a(_fpcmp_parts_sf.o)
                              c:/winavr-20090313/bin/../lib/gcc/avr/4.3.2/avr5\libgcc.a(_gt_sf.o) (__fpcmp_parts_f)

Allocating common symbols
Common symbol       size              file

remin               0x1               ./APPS/testdiodrv.o

Memory Configuration

Name             Origin             Length             Attributes
text             0x00000000         0x00020000         xr
data             0x00800060         0x0000ffa0         rw !x
eeprom           0x00810000         0x00010000         rw !x
fuse             0x00820000         0x00000400         rw !x
lock             0x00830000         0x00000400         rw !x
signature        0x00840000         0x00000400         rw !x
*default*        0x00000000         0xffffffff

Linker script and memory map

LOAD c:/winavr-20090313/bin/../lib/gcc/avr/4.3.2/../../../../avr/lib/avr5/crtm32.o
LOAD ./MCAL/Timer0/timer.o
LOAD ./MCAL/SPI/SPI.o
LOAD ./MCAL/INTURRPT/GELOPAL/GELOPAL.o
LOAD ./MCAL/INTURRPT/EXTERNAL/EXTERNAL.o
LOAD ./MCAL/DIO/DIO.o
LOAD ./MCAL/DIO/DIO_Cfg.o
LOAD ./MCAL/ADC/ADC.o
LOAD ./HAL/LCD/LCD.o
LOAD ./HAL/KEYPAD/KeyPad.o
LOAD ./HAL/KEYPAD/app.o
LOAD ./APPS/testdiodrv.o
LOAD c:/winavr-20090313/bin/../lib/gcc/avr/4.3.2/avr5\libgcc.a
LOAD c:/winavr-20090313/bin/../lib/gcc/avr/4.3.2/../../../../avr/lib/avr5\libc.a
LOAD c:/winavr-20090313/bin/../lib/gcc/avr/4.3.2/avr5\libgcc.a

.hash
 *(.hash)

.dynsym
 *(.dynsym)

.dynstr
 *(.dynstr)

.gnu.version
 *(.gnu.version)

.gnu.version_d
 *(.gnu.version_d)

.gnu.version_r
 *(.gnu.version_r)

.rel.init
 *(.rel.init)

.rela.init
 *(.rela.init)

.rel.text
 *(.rel.text)
 *(.rel.text.*)
 *(.rel.gnu.linkonce.t*)

.rela.text
 *(.rela.text)
 *(.rela.text.*)
 *(.rela.gnu.linkonce.t*)

.rel.fini
 *(.rel.fini)

.rela.fini
 *(.rela.fini)

.rel.rodata
 *(.rel.rodata)
 *(.rel.rodata.*)
 *(.rel.gnu.linkonce.r*)

.rela.rodata
 *(.rela.rodata)
 *(.rela.rodata.*)
 *(.rela.gnu.linkonce.r*)

.rel.data
 *(.rel.data)
 *(.rel.data.*)
 *(.rel.gnu.linkonce.d*)

.rela.data
 *(.rela.data)
 *(.rela.data.*)
 *(.rela.gnu.linkonce.d*)

.rel.ctors
 *(.rel.ctors)

.rela.ctors
 *(.rela.ctors)

.rel.dtors
 *(.rel.dtors)

.rela.dtors
 *(.rela.dtors)

.rel.got
 *(.rel.got)

.rela.got
 *(.rela.got)

.rel.bss
 *(.rel.bss)

.rela.bss
 *(.rela.bss)

.rel.plt
 *(.rel.plt)

.rela.plt
 *(.rela.plt)

.text           0x00000000     0x2c8c
 *(.vectors)
 .vectors       0x00000000       0x54 c:/winavr-20090313/bin/../lib/gcc/avr/4.3.2/../../../../avr/lib/avr5/crtm32.o
                0x00000000                __vectors
                0x00000000                __vector_default
 *(.vectors)
 *(.progmem.gcc*)
 *(.progmem*)
                0x00000054                . = ALIGN (0x2)
                0x00000054                __trampolines_start = .
 *(.trampolines)
 .trampolines   0x00000054        0x0 linker stubs
 *(.trampolines*)
                0x00000054                __trampolines_end = .
 *(.jumptables)
 *(.jumptables*)
 *(.lowtext)
 *(.lowtext*)
                0x00000054                __ctors_start = .
 *(.ctors)
                0x00000054                __ctors_end = .
                0x00000054                __dtors_start = .
 *(.dtors)
                0x00000054                __dtors_end = .
 SORT(*)(.ctors)
 SORT(*)(.dtors)
 *(.init0)
 .init0         0x00000054        0x0 c:/winavr-20090313/bin/../lib/gcc/avr/4.3.2/../../../../avr/lib/avr5/crtm32.o
                0x00000054                __init
 *(.init0)
 *(.init1)
 *(.init1)
 *(.init2)
 .init2         0x00000054        0xc c:/winavr-20090313/bin/../lib/gcc/avr/4.3.2/../../../../avr/lib/avr5/crtm32.o
 *(.init2)
 *(.init3)
 *(.init3)
 *(.init4)
 .init4         0x00000060       0x16 c:/winavr-20090313/bin/../lib/gcc/avr/4.3.2/avr5\libgcc.a(_copy_data.o)
                0x00000060                __do_copy_data
 .init4         0x00000076       0x10 c:/winavr-20090313/bin/../lib/gcc/avr/4.3.2/avr5\libgcc.a(_clear_bss.o)
                0x00000076                __do_clear_bss
 *(.init4)
 *(.init5)
 *(.init5)
 *(.init6)
 *(.init6)
 *(.init7)
 *(.init7)
 *(.init8)
 *(.init8)
 *(.init9)
 .init9         0x00000086        0x8 c:/winavr-20090313/bin/../lib/gcc/avr/4.3.2/../../../../avr/lib/avr5/crtm32.o
 *(.init9)
 *(.text)
 .text          0x0000008e        0x4 c:/winavr-20090313/bin/../lib/gcc/avr/4.3.2/../../../../avr/lib/avr5/crtm32.o
                0x0000008e                __vector_1
                0x0000008e                __bad_interrupt
                0x0000008e                __vector_6
                0x0000008e                __vector_3
                0x0000008e                __vector_13
                0x0000008e                __vector_17
                0x0000008e                __vector_19
                0x0000008e                __vector_7
                0x0000008e                __vector_5
                0x0000008e                __vector_4
                0x0000008e                __vector_9
                0x0000008e                __vector_2
                0x0000008e                __vector_15
                0x0000008e                __vector_8
                0x0000008e                __vector_14
                0x0000008e                __vector_16
                0x0000008e                __vector_18
                0x0000008e                __vector_20
 .text          0x00000092        0x0 ./MCAL/Timer0/timer.o
 .text          0x00000092        0x0 ./MCAL/SPI/SPI.o
 .text          0x00000092        0x0 ./MCAL/INTURRPT/GELOPAL/GELOPAL.o
 .text          0x00000092        0x0 ./MCAL/INTURRPT/EXTERNAL/EXTERNAL.o
 .text          0x00000092        0x0 ./MCAL/DIO/DIO.o
 .text          0x00000092        0x0 ./MCAL/DIO/DIO_Cfg.o
 .text          0x00000092        0x0 ./MCAL/ADC/ADC.o
 .text          0x00000092        0x0 ./HAL/LCD/LCD.o
 .text          0x00000092        0x0 ./HAL/KEYPAD/KeyPad.o
 .text          0x00000092        0x0 ./HAL/KEYPAD/app.o
 .text          0x00000092        0x0 ./APPS/testdiodrv.o
 .text          0x00000092        0x0 c:/winavr-20090313/bin/../lib/gcc/avr/4.3.2/avr5\libgcc.a(_udivmodsi4.o)
 .text          0x00000092        0x0 c:/winavr-20090313/bin/../lib/gcc/avr/4.3.2/avr5\libgcc.a(_exit.o)
 .text          0x00000092        0x0 c:/winavr-20090313/bin/../lib/gcc/avr/4.3.2/avr5\libgcc.a(_copy_data.o)
 .text          0x00000092        0x0 c:/winavr-20090313/bin/../lib/gcc/avr/4.3.2/avr5\libgcc.a(_clear_bss.o)
 .text          0x00000092       0x58 c:/winavr-20090313/bin/../lib/gcc/avr/4.3.2/avr5\libgcc.a(_fixunssfsi.o)
                0x00000092                __fixunssfsi
 .text          0x000000ea      0x354 c:/winavr-20090313/bin/../lib/gcc/avr/4.3.2/avr5\libgcc.a(_addsub_sf.o)
                0x00000382                __subsf3
                0x000003e4                __addsf3
 .text          0x0000043e      0x1f4 c:/winavr-20090313/bin/../lib/gcc/avr/4.3.2/avr5\libgcc.a(_mul_sf.o)
                0x0000043e                __mulsf3
 .text          0x00000632      0x158 c:/winavr-20090313/bin/../lib/gcc/avr/4.3.2/avr5\libgcc.a(_div_sf.o)
                0x00000632                __divsf3
 .text          0x0000078a       0x60 c:/winavr-20090313/bin/../lib/gcc/avr/4.3.2/avr5\libgcc.a(_gt_sf.o)
                0x0000078a                __gtsf2
 .text          0x000007ea       0x60 c:/winavr-20090313/bin/../lib/gcc/avr/4.3.2/avr5\libgcc.a(_ge_sf.o)
                0x000007ea                __gesf2
 .text          0x0000084a       0x60 c:/winavr-20090313/bin/../lib/gcc/avr/4.3.2/avr5\libgcc.a(_lt_sf.o)
                0x0000084a                __ltsf2
 .text          0x000008aa       0xa8 c:/winavr-20090313/bin/../lib/gcc/avr/4.3.2/avr5\libgcc.a(_sf_to_si.o)
                0x000008aa                __fixsfsi
 .text          0x00000952        0x0 c:/winavr-20090313/bin/../lib/gcc/avr/4.3.2/avr5\libgcc.a(_thenan_sf.o)
 .text          0x00000952        0x0 c:/winavr-20090313/bin/../lib/gcc/avr/4.3.2/avr5\libgcc.a(_prologue.o)
 .text          0x00000952        0x0 c:/winavr-20090313/bin/../lib/gcc/avr/4.3.2/avr5\libgcc.a(_epilogue.o)
 .text          0x00000952      0x1aa c:/winavr-20090313/bin/../lib/gcc/avr/4.3.2/avr5\libgcc.a(_pack_sf.o)
                0x00000952                __pack_f
 .text          0x00000afc       0xf0 c:/winavr-20090313/bin/../lib/gcc/avr/4.3.2/avr5\libgcc.a(_unpack_sf.o)
                0x00000afc                __unpack_f
 .text          0x00000bec       0xb2 c:/winavr-20090313/bin/../lib/gcc/avr/4.3.2/avr5\libgcc.a(_fpcmp_parts_sf.o)
                0x00000bec                __fpcmp_parts_f
                0x00000c9e                . = ALIGN (0x2)
 *(.text.*)
 .text.TIM0_init
                0x00000c9e       0x7c ./MCAL/Timer0/timer.o
                0x00000c9e                TIM0_init
 .text.TIMO_INTRRUPT_Enable
                0x00000d1a       0x20 ./MCAL/Timer0/timer.o
                0x00000d1a                TIMO_INTRRUPT_Enable
 .text.TIM0_CHECK_OVF
                0x00000d3a       0x2e ./MCAL/Timer0/timer.o
                0x00000d3a                TIM0_CHECK_OVF
 .text.TIM0_OVF_vCallback
                0x00000d68       0x2c ./MCAL/Timer0/timer.o
                0x00000d68                TIM0_OVF_vCallback
 .text.__vector_11
                0x00000d94       0x66 ./MCAL/Timer0/timer.o
                0x00000d94                __vector_11
 .text.TIMO_set_callback_COM
                0x00000dfa       0x2c ./MCAL/Timer0/timer.o
                0x00000dfa                TIMO_set_callback_COM
 .text.__vector_10
                0x00000e26       0x66 ./MCAL/Timer0/timer.o
                0x00000e26                __vector_10
 .text.OCRO_SET
                0x00000e8c       0x1c ./MCAL/Timer0/timer.o
                0x00000e8c                OCRO_SET
 .text.SET_INIT_VALUE
                0x00000ea8       0x1c ./MCAL/Timer0/timer.o
                0x00000ea8                SET_INIT_VALUE
 .text.duty_cycle_set_FastPWM
                0x00000ec4       0x14 ./MCAL/Timer0/timer.o
                0x00000ec4                duty_cycle_set_FastPWM
 .text.duty_cycle_set_PhaseCorrect
                0x00000ed8       0x14 ./MCAL/Timer0/timer.o
                0x00000ed8                duty_cycle_set_PhaseCorrect
 .text.SPI_INIT
                0x00000eec       0x9a ./MCAL/SPI/SPI.o
                0x00000eec                SPI_INIT
 .text.SPI_TX   0x00000f86       0x40 ./MCAL/SPI/SPI.o
                0x00000f86                SPI_TX
 .text.SPI_RX   0x00000fc6       0x1e ./MCAL/SPI/SPI.o
                0x00000fc6                SPI_RX
 .text.SPI_voidTransmitAsynch
                0x00000fe4       0x48 ./MCAL/SPI/SPI.o
                0x00000fe4                SPI_voidTransmitAsynch
 .text.__vector_12
                0x0000102c       0x6c ./MCAL/SPI/SPI.o
                0x0000102c                __vector_12
 .text.GELOPAL_INTERRUPT_ENABLE
                0x00001098       0x1c ./MCAL/INTURRPT/GELOPAL/GELOPAL.o
                0x00001098                GELOPAL_INTERRUPT_ENABLE
 .text.GELOPAL_INTERRUPT_DISABLE
                0x000010b4       0x1c ./MCAL/INTURRPT/GELOPAL/GELOPAL.o
                0x000010b4                GELOPAL_INTERRUPT_DISABLE
 .text.EXTERNAL_Init
                0x000010d0       0xc4 ./MCAL/INTURRPT/EXTERNAL/EXTERNAL.o
                0x000010d0                EXTERNAL_Init
 .text.Dio_Init
                0x00001194      0x328 ./MCAL/DIO/DIO.o
                0x00001194                Dio_Init
 .text.Dio_WriteChannel
                0x000014bc      0x28c ./MCAL/DIO/DIO.o
                0x000014bc                Dio_WriteChannel
 .text.Dio_ReadChannel
                0x00001748      0x102 ./MCAL/DIO/DIO.o
                0x00001748                Dio_ReadChannel
 .text.DIO_setPinDirection
                0x0000184a      0x20e ./MCAL/DIO/DIO.o
                0x0000184a                DIO_setPinDirection
 .text.DIO_PULL_RES
                0x00001a58      0x1f4 ./MCAL/DIO/DIO.o
                0x00001a58                DIO_PULL_RES
 .text.DIO_SetPortValue
                0x00001c4c       0x82 ./MCAL/DIO/DIO.o
                0x00001c4c                DIO_SetPortValue
 .text.ADC_INIT
                0x00001cce       0x2a ./MCAL/ADC/ADC.o
                0x00001cce                ADC_INIT
 .text.ADC_StartConversion
                0x00001cf8      0x106 ./MCAL/ADC/ADC.o
                0x00001cf8                ADC_StartConversion
 .text.ADC_Read
                0x00001dfe       0x40 ./MCAL/ADC/ADC.o
                0x00001dfe                ADC_Read
 .text.Enable_ADCInterrupt
                0x00001e3e       0x1c ./MCAL/ADC/ADC.o
                0x00001e3e                Enable_ADCInterrupt
 .text.priwriteHalfPort
                0x00001e5a       0x58 ./HAL/LCD/LCD.o
 .text.Enable   0x00001eb2      0x11a ./HAL/LCD/LCD.o
 .text.LCD_Init
                0x00001fcc      0x598 ./HAL/LCD/LCD.o
                0x00001fcc                LCD_Init
 .text.LCD_SendCommand
                0x00002564       0x34 ./HAL/LCD/LCD.o
                0x00002564                LCD_SendCommand
 .text.LCD_SendData
                0x00002598       0x34 ./HAL/LCD/LCD.o
                0x00002598                LCD_SendData
 .text.LCD_SEND_STRING
                0x000025cc       0x56 ./HAL/LCD/LCD.o
                0x000025cc                LCD_SEND_STRING
 .text.LCD_CLEAR
                0x00002622      0x116 ./HAL/LCD/LCD.o
                0x00002622                LCD_CLEAR
 .text.LCD_Gotoxy
                0x00002738       0x44 ./HAL/LCD/LCD.o
                0x00002738                LCD_Gotoxy
 .text.LCD_SendNumber
                0x0000277c       0x22 ./HAL/LCD/LCD.o
                0x0000277c                LCD_SendNumber
 .text.KeyPad_Init
                0x0000279e       0x8e ./HAL/KEYPAD/KeyPad.o
                0x0000279e                KeyPad_Init
 .text.KeyPad_press
                0x0000282c      0x200 ./HAL/KEYPAD/KeyPad.o
                0x0000282c                KeyPad_press
 .text.main     0x00002a2c       0x52 ./APPS/testdiodrv.o
                0x00002a2c                main
 .text.traffic_light
                0x00002a7e      0x158 ./APPS/testdiodrv.o
                0x00002a7e                traffic_light
 .text.libgcc   0x00002bd6       0x44 c:/winavr-20090313/bin/../lib/gcc/avr/4.3.2/avr5\libgcc.a(_udivmodsi4.o)
                0x00002bd6                __udivmodsi4
 .text.libgcc   0x00002c1a        0x0 c:/winavr-20090313/bin/../lib/gcc/avr/4.3.2/avr5\libgcc.a(_exit.o)
 .text.libgcc   0x00002c1a        0x0 c:/winavr-20090313/bin/../lib/gcc/avr/4.3.2/avr5\libgcc.a(_copy_data.o)
 .text.libgcc   0x00002c1a        0x0 c:/winavr-20090313/bin/../lib/gcc/avr/4.3.2/avr5\libgcc.a(_clear_bss.o)
 .text.libgcc   0x00002c1a       0x38 c:/winavr-20090313/bin/../lib/gcc/avr/4.3.2/avr5\libgcc.a(_prologue.o)
                0x00002c1a                __prologue_saves__
 .text.libgcc   0x00002c52       0x36 c:/winavr-20090313/bin/../lib/gcc/avr/4.3.2/avr5\libgcc.a(_epilogue.o)
                0x00002c52                __epilogue_restores__
                0x00002c88                . = ALIGN (0x2)
 *(.fini9)
 .fini9         0x00002c88        0x0 c:/winavr-20090313/bin/../lib/gcc/avr/4.3.2/avr5\libgcc.a(_exit.o)
                0x00002c88                exit
                0x00002c88                _exit
 *(.fini9)
 *(.fini8)
 *(.fini8)
 *(.fini7)
 *(.fini7)
 *(.fini6)
 *(.fini6)
 *(.fini5)
 *(.fini5)
 *(.fini4)
 *(.fini4)
 *(.fini3)
 *(.fini3)
 *(.fini2)
 *(.fini2)
 *(.fini1)
 *(.fini1)
 *(.fini0)
 .fini0         0x00002c88        0x4 c:/winavr-20090313/bin/../lib/gcc/avr/4.3.2/avr5\libgcc.a(_exit.o)
 *(.fini0)
                0x00002c8c                _etext = .

.data           0x00800060       0xc6 load address 0x00002c8c
                0x00800060                PROVIDE (__data_start, .)
 *(.data)
 .data          0x00800060        0x0 c:/winavr-20090313/bin/../lib/gcc/avr/4.3.2/../../../../avr/lib/avr5/crtm32.o
 .data          0x00800060        0x0 ./MCAL/Timer0/timer.o
 .data          0x00800060        0x0 ./MCAL/SPI/SPI.o
 .data          0x00800060        0x0 ./MCAL/INTURRPT/GELOPAL/GELOPAL.o
 .data          0x00800060        0x0 ./MCAL/INTURRPT/EXTERNAL/EXTERNAL.o
 .data          0x00800060        0x0 ./MCAL/DIO/DIO.o
 .data          0x00800060        0x0 ./MCAL/DIO/DIO_Cfg.o
 .data          0x00800060        0x0 ./MCAL/ADC/ADC.o
 .data          0x00800060        0x0 ./HAL/LCD/LCD.o
 .data          0x00800060        0x0 ./HAL/KEYPAD/KeyPad.o
 .data          0x00800060        0x0 ./HAL/KEYPAD/app.o
 .data          0x00800060       0x22 ./APPS/testdiodrv.o
 .data          0x00800082        0x0 c:/winavr-20090313/bin/../lib/gcc/avr/4.3.2/avr5\libgcc.a(_udivmodsi4.o)
 .data          0x00800082        0x0 c:/winavr-20090313/bin/../lib/gcc/avr/4.3.2/avr5\libgcc.a(_exit.o)
 .data          0x00800082        0x0 c:/winavr-20090313/bin/../lib/gcc/avr/4.3.2/avr5\libgcc.a(_copy_data.o)
 .data          0x00800082        0x0 c:/winavr-20090313/bin/../lib/gcc/avr/4.3.2/avr5\libgcc.a(_clear_bss.o)
 .data          0x00800082        0x0 c:/winavr-20090313/bin/../lib/gcc/avr/4.3.2/avr5\libgcc.a(_fixunssfsi.o)
 .data          0x00800082        0x0 c:/winavr-20090313/bin/../lib/gcc/avr/4.3.2/avr5\libgcc.a(_addsub_sf.o)
 .data          0x00800082        0x0 c:/winavr-20090313/bin/../lib/gcc/avr/4.3.2/avr5\libgcc.a(_mul_sf.o)
 .data          0x00800082        0x0 c:/winavr-20090313/bin/../lib/gcc/avr/4.3.2/avr5\libgcc.a(_div_sf.o)
 .data          0x00800082        0x0 c:/winavr-20090313/bin/../lib/gcc/avr/4.3.2/avr5\libgcc.a(_gt_sf.o)
 .data          0x00800082        0x0 c:/winavr-20090313/bin/../lib/gcc/avr/4.3.2/avr5\libgcc.a(_ge_sf.o)
 .data          0x00800082        0x0 c:/winavr-20090313/bin/../lib/gcc/avr/4.3.2/avr5\libgcc.a(_lt_sf.o)
 .data          0x00800082        0x0 c:/winavr-20090313/bin/../lib/gcc/avr/4.3.2/avr5\libgcc.a(_sf_to_si.o)
 .data          0x00800082        0x8 c:/winavr-20090313/bin/../lib/gcc/avr/4.3.2/avr5\libgcc.a(_thenan_sf.o)
                0x00800082                __thenan_sf
 .data          0x0080008a        0x0 c:/winavr-20090313/bin/../lib/gcc/avr/4.3.2/avr5\libgcc.a(_prologue.o)
 .data          0x0080008a        0x0 c:/winavr-20090313/bin/../lib/gcc/avr/4.3.2/avr5\libgcc.a(_epilogue.o)
 .data          0x0080008a        0x0 c:/winavr-20090313/bin/../lib/gcc/avr/4.3.2/avr5\libgcc.a(_pack_sf.o)
 .data          0x0080008a        0x0 c:/winavr-20090313/bin/../lib/gcc/avr/4.3.2/avr5\libgcc.a(_unpack_sf.o)
 .data          0x0080008a        0x0 c:/winavr-20090313/bin/../lib/gcc/avr/4.3.2/avr5\libgcc.a(_fpcmp_parts_sf.o)
 *(.data*)
 .data.PIN_cfg  0x0080008a       0x80 ./MCAL/DIO/DIO_Cfg.o
                0x0080008a                PIN_cfg
 .data.columns.1358
                0x0080010a        0x4 ./HAL/KEYPAD/KeyPad.o
 .data.Rows.1357
                0x0080010e        0x4 ./HAL/KEYPAD/KeyPad.o
 *(.rodata)
 *(.rodata*)
 .rodata.lineAddresses
                0x00800112        0x4 ./HAL/LCD/LCD.o
                0x00800112                lineAddresses
 .rodata.C.0.1373
                0x00800116       0x10 ./HAL/KEYPAD/KeyPad.o
 *(.gnu.linkonce.d*)
                0x00800126                . = ALIGN (0x2)
                0x00800126                _edata = .
                0x00800126                PROVIDE (__data_end, .)

.bss            0x00800126        0xd
                0x00800126                PROVIDE (__bss_start, .)
 *(.bss)
 .bss           0x00800126        0x0 c:/winavr-20090313/bin/../lib/gcc/avr/4.3.2/../../../../avr/lib/avr5/crtm32.o
 .bss           0x00800126        0x0 ./MCAL/Timer0/timer.o
 .bss           0x00800126        0x0 ./MCAL/SPI/SPI.o
 .bss           0x00800126        0x0 ./MCAL/INTURRPT/GELOPAL/GELOPAL.o
 .bss           0x00800126        0x0 ./MCAL/INTURRPT/EXTERNAL/EXTERNAL.o
 .bss           0x00800126        0x0 ./MCAL/DIO/DIO.o
 .bss           0x00800126        0x0 ./MCAL/DIO/DIO_Cfg.o
 .bss           0x00800126        0x0 ./MCAL/ADC/ADC.o
 .bss           0x00800126        0x0 ./HAL/LCD/LCD.o
 .bss           0x00800126        0x0 ./HAL/KEYPAD/KeyPad.o
 .bss           0x00800126        0x0 ./HAL/KEYPAD/app.o
 .bss           0x00800126        0x0 ./APPS/testdiodrv.o
 .bss           0x00800126        0x0 c:/winavr-20090313/bin/../lib/gcc/avr/4.3.2/avr5\libgcc.a(_udivmodsi4.o)
 .bss           0x00800126        0x0 c:/winavr-20090313/bin/../lib/gcc/avr/4.3.2/avr5\libgcc.a(_exit.o)
 .bss           0x00800126        0x0 c:/winavr-20090313/bin/../lib/gcc/avr/4.3.2/avr5\libgcc.a(_copy_data.o)
 .bss           0x00800126        0x0 c:/winavr-20090313/bin/../lib/gcc/avr/4.3.2/avr5\libgcc.a(_clear_bss.o)
 .bss           0x00800126        0x0 c:/winavr-20090313/bin/../lib/gcc/avr/4.3.2/avr5\libgcc.a(_fixunssfsi.o)
 .bss           0x00800126        0x0 c:/winavr-20090313/bin/../lib/gcc/avr/4.3.2/avr5\libgcc.a(_addsub_sf.o)
 .bss           0x00800126        0x0 c:/winavr-20090313/bin/../lib/gcc/avr/4.3.2/avr5\libgcc.a(_mul_sf.o)
 .bss           0x00800126        0x0 c:/winavr-20090313/bin/../lib/gcc/avr/4.3.2/avr5\libgcc.a(_div_sf.o)
 .bss           0x00800126        0x0 c:/winavr-20090313/bin/../lib/gcc/avr/4.3.2/avr5\libgcc.a(_gt_sf.o)
 .bss           0x00800126        0x0 c:/winavr-20090313/bin/../lib/gcc/avr/4.3.2/avr5\libgcc.a(_ge_sf.o)
 .bss           0x00800126        0x0 c:/winavr-20090313/bin/../lib/gcc/avr/4.3.2/avr5\libgcc.a(_lt_sf.o)
 .bss           0x00800126        0x0 c:/winavr-20090313/bin/../lib/gcc/avr/4.3.2/avr5\libgcc.a(_sf_to_si.o)
 .bss           0x00800126        0x0 c:/winavr-20090313/bin/../lib/gcc/avr/4.3.2/avr5\libgcc.a(_thenan_sf.o)
 .bss           0x00800126        0x0 c:/winavr-20090313/bin/../lib/gcc/avr/4.3.2/avr5\libgcc.a(_prologue.o)
 .bss           0x00800126        0x0 c:/winavr-20090313/bin/../lib/gcc/avr/4.3.2/avr5\libgcc.a(_epilogue.o)
 .bss           0x00800126        0x0 c:/winavr-20090313/bin/../lib/gcc/avr/4.3.2/avr5\libgcc.a(_pack_sf.o)
 .bss           0x00800126        0x0 c:/winavr-20090313/bin/../lib/gcc/avr/4.3.2/avr5\libgcc.a(_unpack_sf.o)
 .bss           0x00800126        0x0 c:/winavr-20090313/bin/../lib/gcc/avr/4.3.2/avr5\libgcc.a(_fpcmp_parts_sf.o)
 *(.bss*)
 .bss.counter   0x00800126        0x2 ./MCAL/Timer0/timer.o
                0x00800126                counter
 .bss.TIM0_OVF_Callback
                0x00800128        0x2 ./MCAL/Timer0/timer.o
 .bss.TIM0_COM_Callback
                0x0080012a        0x2 ./MCAL/Timer0/timer.o
 .bss.SPI_pCallBack
                0x0080012c        0x2 ./MCAL/SPI/SPI.o
 .bss.count     0x0080012e        0x4 ./APPS/testdiodrv.o
                0x0080012e                count
 *(COMMON)
 COMMON         0x00800132        0x1 ./APPS/testdiodrv.o
                0x00800132                remin
                0x00800133                PROVIDE (__bss_end, .)
                0x00002c8c                __data_load_start = LOADADDR (.data)
                0x00002d52                __data_load_end = (__data_load_start + SIZEOF (.data))

.noinit         0x00800133        0x0
                0x00800133                PROVIDE (__noinit_start, .)
 *(.noinit*)
                0x00800133                PROVIDE (__noinit_end, .)
                0x00800133                _end = .
                0x00800133                PROVIDE (__heap_start, .)

.eeprom         0x00810000        0x0
 *(.eeprom*)
                0x00810000                __eeprom_end = .

.fuse
 *(.fuse)
 *(.lfuse)
 *(.hfuse)
 *(.efuse)

.lock
 *(.lock*)

.signature
 *(.signature*)

.stab           0x00000000     0x33d8
 *(.stab)
 .stab          0x00000000      0x57c ./MCAL/Timer0/timer.o
 .stab          0x0000057c      0x45c ./MCAL/SPI/SPI.o
                                0x468 (size before relaxing)
 .stab          0x000009d8      0x2c4 ./MCAL/INTURRPT/GELOPAL/GELOPAL.o
                                0x2d0 (size before relaxing)
 .stab          0x00000c9c      0x30c ./MCAL/INTURRPT/EXTERNAL/EXTERNAL.o
                                0x318 (size before relaxing)
 .stab          0x00000fa8      0x8a0 ./MCAL/DIO/DIO.o
                                0x8ac (size before relaxing)
 .stab          0x00001848       0xfc ./MCAL/DIO/DIO_Cfg.o
                                0x1d4 (size before relaxing)
 .stab          0x00001944      0x2f4 ./MCAL/ADC/ADC.o
                                0x300 (size before relaxing)
 .stab          0x00001c38      0xcd8 ./HAL/LCD/LCD.o
                                0xce4 (size before relaxing)
 .stab          0x00002910      0x594 ./HAL/KEYPAD/KeyPad.o
                                0x72c (size before relaxing)
 .stab          0x00002ea4       0xd8 ./HAL/KEYPAD/app.o
                                 0xe4 (size before relaxing)
 .stab          0x00002f7c      0x45c ./APPS/testdiodrv.o
                                0x5f4 (size before relaxing)

.stabstr        0x00000000     0x205d
 *(.stabstr)
 .stabstr       0x00000000     0x205d ./MCAL/Timer0/timer.o

.stab.excl
 *(.stab.excl)

.stab.exclstr
 *(.stab.exclstr)

.stab.index
 *(.stab.index)

.stab.indexstr
 *(.stab.indexstr)

.comment
 *(.comment)

.debug
 *(.debug)

.line
 *(.line)

.debug_srcinfo
 *(.debug_srcinfo)

.debug_sfnames
 *(.debug_sfnames)

.debug_aranges
 *(.debug_aranges)

.debug_pubnames
 *(.debug_pubnames)

.debug_info
 *(.debug_info)
 *(.gnu.linkonce.wi.*)

.debug_abbrev
 *(.debug_abbrev)

.debug_line
 *(.debug_line)

.debug_frame
 *(.debug_frame)

.debug_str
 *(.debug_str)

.debug_loc
 *(.debug_loc)

.debug_macinfo
 *(.debug_macinfo)
OUTPUT(FinalVersionAVRDrivers.elf elf32-avr)
LOAD linker stubs
